{"version":8,"type":"context-options","origin":"library","browserName":"","playwrightVersion":"1.60.0","options":{},"platform":"win32","wallTime":1779802492110,"monotonicTime":3199.692,"sdkLanguage":"javascript","contextId":"request-context@f7adfe6489d41a9d2d129e2663296b53","title":"playwright\\tests\\frontend-completo.spec.ts:196 › Frontend + API smoke: Users & Suppliers › UI: Login admin, users page loads, create user via UI and visibility, role segregation"}
{"type":"before","callId":"call@5","startTime":3203.493,"class":"APIRequestContext","method":"fetch","params":{"url":"/api/auth/login","method":"POST","jsonData":"{\"username\":\"admin\",\"password\":\"admin123\"}","timeout":0},"stepId":"pw:api@32"}
{"type":"log","callId":"call@5","time":3217.395,"message":"→ POST http://localhost:8084/api/auth/login"}
{"type":"log","callId":"call@5","time":3217.449,"message":"  user-agent: Playwright/1.60.0 (x64; windows 10.0) node/24.11"}
{"type":"log","callId":"call@5","time":3217.462,"message":"  accept: */*"}
{"type":"log","callId":"call@5","time":3217.477,"message":"  accept-encoding: gzip,deflate,br"}
{"type":"log","callId":"call@5","time":3217.488,"message":"  content-type: application/json"}
{"type":"log","callId":"call@5","time":3217.508,"message":"  content-length: 42"}
{"type":"log","callId":"call@5","time":3253.375,"message":"← 200 "}
{"type":"log","callId":"call@5","time":3253.407,"message":"  vary: Origin, Access-Control-Request-Method, Access-Control-Request-Headers"}
{"type":"log","callId":"call@5","time":3253.422,"message":"  x-content-type-options: nosniff"}
{"type":"log","callId":"call@5","time":3253.435,"message":"  x-xss-protection: 0"}
{"type":"log","callId":"call@5","time":3253.445,"message":"  cache-control: no-cache, no-store, max-age=0, must-revalidate"}
{"type":"log","callId":"call@5","time":3253.45,"message":"  pragma: no-cache"}
{"type":"log","callId":"call@5","time":3253.455,"message":"  expires: 0"}
{"type":"log","callId":"call@5","time":3253.458,"message":"  x-frame-options: DENY"}
{"type":"log","callId":"call@5","time":3253.462,"message":"  content-type: application/json"}
{"type":"log","callId":"call@5","time":3253.467,"message":"  transfer-encoding: chunked"}
{"type":"log","callId":"call@5","time":3253.47,"message":"  date: Tue, 26 May 2026 13:34:52 GMT"}
{"type":"log","callId":"call@5","time":3253.475,"message":"  keep-alive: timeout=60"}
{"type":"log","callId":"call@5","time":3253.479,"message":"  connection: keep-alive"}
{"type":"after","callId":"call@5","endTime":3255.688,"result":{"response":{"url":"http://localhost:8084/api/auth/login","status":200,"statusText":"","headers":[{"name":"Vary","value":"Origin"},{"name":"Vary","value":"Access-Control-Request-Method"},{"name":"Vary","value":"Access-Control-Request-Headers"},{"name":"X-Content-Type-Options","value":"nosniff"},{"name":"X-XSS-Protection","value":"0"},{"name":"Cache-Control","value":"no-cache, no-store, max-age=0, must-revalidate"},{"name":"Pragma","value":"no-cache"},{"name":"Expires","value":"0"},{"name":"X-Frame-Options","value":"DENY"},{"name":"Content-Type","value":"application/json"},{"name":"Transfer-Encoding","value":"chunked"},{"name":"Date","value":"Tue, 26 May 2026 13:34:52 GMT"},{"name":"Keep-Alive","value":"timeout=60"},{"name":"Connection","value":"keep-alive"}],"body":"<Buffer>","fetchUid":"fff9eb821314ad758ab87f104b56c147"}}}
