{"version":8,"type":"context-options","origin":"library","browserName":"","playwrightVersion":"1.60.0","options":{},"platform":"win32","wallTime":1779802492207,"monotonicTime":3296.651,"sdkLanguage":"javascript","contextId":"request-context@f7adfe6489d41a9d2d129e2663296b53","title":"playwright\\tests\\frontend-completo.spec.ts:196 › Frontend + API smoke: Users & Suppliers › UI: Login admin, users page loads, create user via UI and visibility, role segregation"}
{"type":"before","callId":"call@91","startTime":17315.432,"class":"APIRequestContext","method":"fetch","params":{"url":"/api/auth/register","method":"POST","headers":[{"name":"Authorization","value":"Bearer eyJhbGciOiJIUzUxMiJ9.eyJzdWIiOiI5Mzg1NGQxNS05OTExLTRhZWQtYmI3NC03M2M2ZjhlYmI1NTIiLCJ1c2VyX2lkIjoiOTM4NTRkMTUtOTkxMS00YWVkLWJiNzQtNzNjNmY4ZWJiNTUyIiwidXNlcm5hbWUiOiJhZG1pbiIsInJvbGUiOiJBRE1JTklTVFJBRE9SIiwiaWF0IjoxNzc5ODAyNDkyLCJleHAiOjE3Nzk4ODg4OTJ9.xg3Vg8p0VAROv15wq1HDoAdCk4wVu5b30ql1QEQhqrPkGgA6kMjFbZ3x4XNngQdclFPyfXTOB20pK_FvKXQXkg"}],"jsonData":"{\"username\":\"func_user_506223\",\"email\":\"func_user_506223@example.com\",\"password\":\"Passw0rd!\",\"fullName\":\"Func Test\",\"role\":\"FUNCIONARIO\"}","timeout":0},"stepId":"pw:api@132"}
{"type":"log","callId":"call@91","time":17317.563,"message":"→ POST http://localhost:8084/api/auth/register"}
{"type":"log","callId":"call@91","time":17317.617,"message":"  user-agent: Playwright/1.60.0 (x64; windows 10.0) node/24.11"}
{"type":"log","callId":"call@91","time":17317.639,"message":"  accept: */*"}
{"type":"log","callId":"call@91","time":17317.651,"message":"  accept-encoding: gzip,deflate,br"}
{"type":"log","callId":"call@91","time":17317.664,"message":"  Authorization: Bearer eyJhbGciOiJIUzUxMiJ9.eyJzdWIiOiI5Mzg1NGQxNS05OTExLTRhZWQtYmI3NC03M2M2ZjhlYmI1NTIiLCJ1c2VyX2lkIjoiOTM4NTRkMTUtOTkxMS00YWVkLWJiNzQtNzNjNmY4ZWJiNTUyIiwidXNlcm5hbWUiOiJhZG1pbiIsInJvbGUiOiJBRE1JTklTVFJBRE9SIiwiaWF0IjoxNzc5ODAyNDkyLCJleHAiOjE3Nzk4ODg4OTJ9.xg3Vg8p0VAROv15wq1HDoAdCk4wVu5b30ql1QEQhqrPkGgA6kMjFbZ3x4XNngQdclFPyfXTOB20pK_FvKXQXkg"}
{"type":"log","callId":"call@91","time":17317.684,"message":"  content-type: application/json"}
{"type":"log","callId":"call@91","time":17317.697,"message":"  content-length: 137"}
{"type":"log","callId":"call@91","time":17519.512,"message":"← 201 "}
{"type":"log","callId":"call@91","time":17519.597,"message":"  vary: Origin, Access-Control-Request-Method, Access-Control-Request-Headers"}
{"type":"log","callId":"call@91","time":17519.616,"message":"  x-content-type-options: nosniff"}
{"type":"log","callId":"call@91","time":17519.63,"message":"  x-xss-protection: 0"}
{"type":"log","callId":"call@91","time":17519.642,"message":"  cache-control: no-cache, no-store, max-age=0, must-revalidate"}
{"type":"log","callId":"call@91","time":17519.654,"message":"  pragma: no-cache"}
{"type":"log","callId":"call@91","time":17519.681,"message":"  expires: 0"}
{"type":"log","callId":"call@91","time":17519.691,"message":"  x-frame-options: DENY"}
{"type":"log","callId":"call@91","time":17519.706,"message":"  content-type: application/json"}
{"type":"log","callId":"call@91","time":17519.717,"message":"  transfer-encoding: chunked"}
{"type":"log","callId":"call@91","time":17519.728,"message":"  date: Tue, 26 May 2026 13:35:06 GMT"}
{"type":"log","callId":"call@91","time":17519.741,"message":"  keep-alive: timeout=60"}
{"type":"log","callId":"call@91","time":17519.754,"message":"  connection: keep-alive"}
{"type":"after","callId":"call@91","endTime":17521.06,"result":{"response":{"url":"http://localhost:8084/api/auth/register","status":201,"statusText":"","headers":[{"name":"Vary","value":"Origin"},{"name":"Vary","value":"Access-Control-Request-Method"},{"name":"Vary","value":"Access-Control-Request-Headers"},{"name":"X-Content-Type-Options","value":"nosniff"},{"name":"X-XSS-Protection","value":"0"},{"name":"Cache-Control","value":"no-cache, no-store, max-age=0, must-revalidate"},{"name":"Pragma","value":"no-cache"},{"name":"Expires","value":"0"},{"name":"X-Frame-Options","value":"DENY"},{"name":"Content-Type","value":"application/json"},{"name":"Transfer-Encoding","value":"chunked"},{"name":"Date","value":"Tue, 26 May 2026 13:35:06 GMT"},{"name":"Keep-Alive","value":"timeout=60"},{"name":"Connection","value":"keep-alive"}],"body":"<Buffer>","fetchUid":"c8bd3518bfaa449e57d6cb659bb523d1"}}}
