{"version":8,"type":"context-options","origin":"library","browserName":"","playwrightVersion":"1.60.0","options":{},"platform":"win32","wallTime":1779807510715,"monotonicTime":5041.596,"sdkLanguage":"javascript","contextId":"request-context@97e55280f3a37c9802960b234b69a1e1","title":"playwright\\tests\\frontend-completo.spec.ts:196 › Frontend + API smoke: Users & Suppliers › UI: Login admin, users page loads, create user via UI and visibility, role segregation"}
{"type":"before","callId":"call@5","startTime":5050.834,"class":"APIRequestContext","method":"fetch","params":{"url":"/api/auth/login","method":"POST","jsonData":"{\"username\":\"admin\",\"password\":\"admin123\"}","timeout":0},"stepId":"pw:api@32"}
{"type":"log","callId":"call@5","time":5068.604,"message":"→ POST http://localhost:8081/api/auth/login"}
{"type":"log","callId":"call@5","time":5068.682,"message":"  user-agent: Playwright/1.60.0 (x64; windows 10.0) node/24.11"}
{"type":"log","callId":"call@5","time":5068.701,"message":"  accept: */*"}
{"type":"log","callId":"call@5","time":5068.711,"message":"  accept-encoding: gzip,deflate,br"}
{"type":"log","callId":"call@5","time":5068.729,"message":"  content-type: application/json"}
{"type":"log","callId":"call@5","time":5068.749,"message":"  content-length: 42"}
{"type":"log","callId":"call@5","time":5098.874,"message":"← 200 OK"}
{"type":"log","callId":"call@5","time":5098.904,"message":"  transfer-encoding: chunked"}
{"type":"log","callId":"call@5","time":5098.918,"message":"  vary: Origin, Access-Control-Request-Method, Access-Control-Request-Headers, Origin, Access-Control-Request-Method, Access-Control-Request-Headers"}
{"type":"log","callId":"call@5","time":5098.931,"message":"  x-content-type-options: nosniff"}
{"type":"log","callId":"call@5","time":5098.94,"message":"  x-xss-protection: 0"}
{"type":"log","callId":"call@5","time":5098.944,"message":"  cache-control: no-cache, no-store, max-age=0, must-revalidate"}
{"type":"log","callId":"call@5","time":5098.948,"message":"  pragma: no-cache"}
{"type":"log","callId":"call@5","time":5098.952,"message":"  expires: 0"}
{"type":"log","callId":"call@5","time":5098.955,"message":"  x-frame-options: DENY"}
{"type":"log","callId":"call@5","time":5098.959,"message":"  content-type: application/json"}
{"type":"log","callId":"call@5","time":5098.963,"message":"  date: Tue, 26 May 2026 14:58:30 GMT"}
{"type":"after","callId":"call@5","endTime":5101.357,"result":{"response":{"url":"http://localhost:8081/api/auth/login","status":200,"statusText":"OK","headers":[{"name":"transfer-encoding","value":"chunked"},{"name":"Vary","value":"Origin"},{"name":"Vary","value":"Access-Control-Request-Method"},{"name":"Vary","value":"Access-Control-Request-Headers"},{"name":"Vary","value":"Origin"},{"name":"Vary","value":"Access-Control-Request-Method"},{"name":"Vary","value":"Access-Control-Request-Headers"},{"name":"X-Content-Type-Options","value":"nosniff"},{"name":"X-XSS-Protection","value":"0"},{"name":"Cache-Control","value":"no-cache, no-store, max-age=0, must-revalidate"},{"name":"Pragma","value":"no-cache"},{"name":"Expires","value":"0"},{"name":"X-Frame-Options","value":"DENY"},{"name":"Content-Type","value":"application/json"},{"name":"Date","value":"Tue, 26 May 2026 14:58:30 GMT"}],"body":"<Buffer>","fetchUid":"bff9b1253e9605384d8dd50b448e8e21"}}}
