{"version":8,"type":"context-options","origin":"library","browserName":"","playwrightVersion":"1.60.0","options":{},"platform":"win32","wallTime":1779811890580,"monotonicTime":2446.865,"sdkLanguage":"javascript","contextId":"request-context@f0483a3cb4447e3f458a3f4b3056ee30","title":"frontend-completo.spec.ts:218 › Frontend + API smoke: Users & Suppliers › UI: Login admin, users page loads, create user via UI and visibility, role segregation"}
{"type":"before","callId":"call@5","startTime":2450.363,"class":"APIRequestContext","method":"fetch","params":{"url":"/api/auth/login","method":"POST","jsonData":"{\"username\":\"admin\",\"password\":\"Admin@123\"}","timeout":0},"stepId":"pw:api@32"}
{"type":"log","callId":"call@5","time":2463.898,"message":"→ POST http://localhost:8081/api/auth/login"}
{"type":"log","callId":"call@5","time":2463.947,"message":"  user-agent: Playwright/1.60.0 (x64; windows 10.0) node/24.11"}
{"type":"log","callId":"call@5","time":2463.962,"message":"  accept: */*"}
{"type":"log","callId":"call@5","time":2463.972,"message":"  accept-encoding: gzip,deflate,br"}
{"type":"log","callId":"call@5","time":2463.982,"message":"  content-type: application/json"}
{"type":"log","callId":"call@5","time":2463.998,"message":"  content-length: 43"}
{"type":"log","callId":"call@5","time":2512.668,"message":"← 403 Forbidden"}
{"type":"log","callId":"call@5","time":2512.703,"message":"  vary: Origin, Access-Control-Request-Method, Access-Control-Request-Headers, Origin, Access-Control-Request-Method, Access-Control-Request-Headers"}
{"type":"log","callId":"call@5","time":2512.727,"message":"  x-content-type-options: nosniff"}
{"type":"log","callId":"call@5","time":2512.751,"message":"  x-xss-protection: 0"}
{"type":"log","callId":"call@5","time":2512.767,"message":"  cache-control: no-cache, no-store, max-age=0, must-revalidate"}
{"type":"log","callId":"call@5","time":2512.775,"message":"  pragma: no-cache"}
{"type":"log","callId":"call@5","time":2512.783,"message":"  expires: 0"}
{"type":"log","callId":"call@5","time":2512.788,"message":"  x-frame-options: DENY"}
{"type":"log","callId":"call@5","time":2512.792,"message":"  content-length: 0"}
{"type":"log","callId":"call@5","time":2512.796,"message":"  date: Tue, 26 May 2026 16:11:30 GMT"}
{"type":"after","callId":"call@5","endTime":2512.961,"result":{"response":{"url":"http://localhost:8081/api/auth/login","status":403,"statusText":"Forbidden","headers":[{"name":"Vary","value":"Origin"},{"name":"Vary","value":"Access-Control-Request-Method"},{"name":"Vary","value":"Access-Control-Request-Headers"},{"name":"Vary","value":"Origin"},{"name":"Vary","value":"Access-Control-Request-Method"},{"name":"Vary","value":"Access-Control-Request-Headers"},{"name":"X-Content-Type-Options","value":"nosniff"},{"name":"X-XSS-Protection","value":"0"},{"name":"Cache-Control","value":"no-cache, no-store, max-age=0, must-revalidate"},{"name":"Pragma","value":"no-cache"},{"name":"Expires","value":"0"},{"name":"X-Frame-Options","value":"DENY"},{"name":"Content-Length","value":"0"},{"name":"Date","value":"Tue, 26 May 2026 16:11:30 GMT"}],"body":"<Buffer>","fetchUid":"425e9531574933fc28eb2e4bebdd5096"}}}
{"type":"before","callId":"call@7","startTime":2514.974,"class":"APIRequestContext","method":"fetch","params":{"url":"/api/auth/login","method":"POST","jsonData":"{\"username\":\"admin\",\"password\":\"admin123\"}","timeout":0},"stepId":"pw:api@33"}
{"type":"log","callId":"call@7","time":2515.716,"message":"→ POST http://localhost:8081/api/auth/login"}
{"type":"log","callId":"call@7","time":2515.732,"message":"  user-agent: Playwright/1.60.0 (x64; windows 10.0) node/24.11"}
{"type":"log","callId":"call@7","time":2515.736,"message":"  accept: */*"}
{"type":"log","callId":"call@7","time":2515.74,"message":"  accept-encoding: gzip,deflate,br"}
{"type":"log","callId":"call@7","time":2515.744,"message":"  content-type: application/json"}
{"type":"log","callId":"call@7","time":2515.747,"message":"  content-length: 42"}
{"type":"log","callId":"call@7","time":2551.922,"message":"← 200 OK"}
{"type":"log","callId":"call@7","time":2551.973,"message":"  transfer-encoding: chunked"}
{"type":"log","callId":"call@7","time":2551.984,"message":"  vary: Origin, Access-Control-Request-Method, Access-Control-Request-Headers, Origin, Access-Control-Request-Method, Access-Control-Request-Headers"}
{"type":"log","callId":"call@7","time":2551.992,"message":"  x-content-type-options: nosniff"}
{"type":"log","callId":"call@7","time":2552,"message":"  x-xss-protection: 0"}
{"type":"log","callId":"call@7","time":2552.009,"message":"  cache-control: no-cache, no-store, max-age=0, must-revalidate"}
{"type":"log","callId":"call@7","time":2552.017,"message":"  pragma: no-cache"}
{"type":"log","callId":"call@7","time":2552.024,"message":"  expires: 0"}
{"type":"log","callId":"call@7","time":2552.031,"message":"  x-frame-options: DENY"}
{"type":"log","callId":"call@7","time":2552.038,"message":"  content-type: application/json"}
{"type":"log","callId":"call@7","time":2552.046,"message":"  date: Tue, 26 May 2026 16:11:30 GMT"}
{"type":"after","callId":"call@7","endTime":2553.359,"result":{"response":{"url":"http://localhost:8081/api/auth/login","status":200,"statusText":"OK","headers":[{"name":"transfer-encoding","value":"chunked"},{"name":"Vary","value":"Origin"},{"name":"Vary","value":"Access-Control-Request-Method"},{"name":"Vary","value":"Access-Control-Request-Headers"},{"name":"Vary","value":"Origin"},{"name":"Vary","value":"Access-Control-Request-Method"},{"name":"Vary","value":"Access-Control-Request-Headers"},{"name":"X-Content-Type-Options","value":"nosniff"},{"name":"X-XSS-Protection","value":"0"},{"name":"Cache-Control","value":"no-cache, no-store, max-age=0, must-revalidate"},{"name":"Pragma","value":"no-cache"},{"name":"Expires","value":"0"},{"name":"X-Frame-Options","value":"DENY"},{"name":"Content-Type","value":"application/json"},{"name":"Date","value":"Tue, 26 May 2026 16:11:30 GMT"}],"body":"<Buffer>","fetchUid":"9342e8f12c6861c3a8dd2dc6387c29e6"}}}
