{"version":8,"type":"context-options","origin":"library","browserName":"","playwrightVersion":"1.60.0","options":{},"platform":"win32","wallTime":1779811890729,"monotonicTime":2596.202,"sdkLanguage":"javascript","contextId":"request-context@f0483a3cb4447e3f458a3f4b3056ee30","title":"frontend-completo.spec.ts:218 › Frontend + API smoke: Users & Suppliers › UI: Login admin, users page loads, create user via UI and visibility, role segregation"}
{"type":"before","callId":"call@103","startTime":17609.549,"class":"APIRequestContext","method":"fetch","params":{"url":"/api/suppliers","method":"POST","headers":[{"name":"Authorization","value":"Bearer eyJhbGciOiJIUzUxMiJ9.eyJzdWIiOiI5Mzg1NGQxNS05OTExLTRhZWQtYmI3NC03M2M2ZjhlYmI1NTIiLCJ1c2VyX2lkIjoiOTM4NTRkMTUtOTkxMS00YWVkLWJiNzQtNzNjNmY4ZWJiNTUyIiwidXNlcm5hbWUiOiJhZG1pbiIsInJvbGUiOiJBRE1JTklTVFJBRE9SIiwiaWF0IjoxNzc5ODExODkwLCJleHAiOjE3Nzk4OTgyOTB9.INKvlE8397TouuaCA7SjbJ4oe-BzoI1A66vOqVlkDKGGxv7_Xwer4pUcswfztH9-8pR0XvBBIE0eNDCBJBkPzQ"}],"jsonData":"{\"nit\":\"900_905737-9\",\"businessName\":\"UI Supplier S.A.\",\"email\":\"900_905737-9@supply.test\",\"phone\":\"123456789\",\"personType\":\"JURIDICA\"}","timeout":0},"stepId":"pw:api@138"}
{"type":"log","callId":"call@103","time":17611.256,"message":"→ POST http://localhost:8081/api/suppliers"}
{"type":"log","callId":"call@103","time":17611.302,"message":"  user-agent: Playwright/1.60.0 (x64; windows 10.0) node/24.11"}
{"type":"log","callId":"call@103","time":17611.316,"message":"  accept: */*"}
{"type":"log","callId":"call@103","time":17611.332,"message":"  accept-encoding: gzip,deflate,br"}
{"type":"log","callId":"call@103","time":17611.349,"message":"  Authorization: Bearer eyJhbGciOiJIUzUxMiJ9.eyJzdWIiOiI5Mzg1NGQxNS05OTExLTRhZWQtYmI3NC03M2M2ZjhlYmI1NTIiLCJ1c2VyX2lkIjoiOTM4NTRkMTUtOTkxMS00YWVkLWJiNzQtNzNjNmY4ZWJiNTUyIiwidXNlcm5hbWUiOiJhZG1pbiIsInJvbGUiOiJBRE1JTklTVFJBRE9SIiwiaWF0IjoxNzc5ODExODkwLCJleHAiOjE3Nzk4OTgyOTB9.INKvlE8397TouuaCA7SjbJ4oe-BzoI1A66vOqVlkDKGGxv7_Xwer4pUcswfztH9-8pR0XvBBIE0eNDCBJBkPzQ"}
{"type":"log","callId":"call@103","time":17611.361,"message":"  content-type: application/json"}
{"type":"log","callId":"call@103","time":17611.375,"message":"  content-length: 135"}
{"type":"log","callId":"call@103","time":17699.394,"message":"← 201 Created"}
{"type":"log","callId":"call@103","time":17699.436,"message":"  transfer-encoding: chunked"}
{"type":"log","callId":"call@103","time":17699.445,"message":"  vary: Origin, Access-Control-Request-Method, Access-Control-Request-Headers, Origin, Access-Control-Request-Method, Access-Control-Request-Headers"}
{"type":"log","callId":"call@103","time":17699.454,"message":"  x-content-type-options: nosniff"}
{"type":"log","callId":"call@103","time":17699.461,"message":"  x-xss-protection: 0"}
{"type":"log","callId":"call@103","time":17699.473,"message":"  cache-control: no-cache, no-store, max-age=0, must-revalidate"}
{"type":"log","callId":"call@103","time":17699.48,"message":"  pragma: no-cache"}
{"type":"log","callId":"call@103","time":17699.487,"message":"  expires: 0"}
{"type":"log","callId":"call@103","time":17699.492,"message":"  x-frame-options: DENY"}
{"type":"log","callId":"call@103","time":17699.499,"message":"  content-type: application/json"}
{"type":"log","callId":"call@103","time":17699.506,"message":"  date: Tue, 26 May 2026 16:11:45 GMT"}
{"type":"after","callId":"call@103","endTime":17701.159,"result":{"response":{"url":"http://localhost:8081/api/suppliers","status":201,"statusText":"Created","headers":[{"name":"transfer-encoding","value":"chunked"},{"name":"Vary","value":"Origin"},{"name":"Vary","value":"Access-Control-Request-Method"},{"name":"Vary","value":"Access-Control-Request-Headers"},{"name":"Vary","value":"Origin"},{"name":"Vary","value":"Access-Control-Request-Method"},{"name":"Vary","value":"Access-Control-Request-Headers"},{"name":"X-Content-Type-Options","value":"nosniff"},{"name":"X-XSS-Protection","value":"0"},{"name":"Cache-Control","value":"no-cache, no-store, max-age=0, must-revalidate"},{"name":"Pragma","value":"no-cache"},{"name":"Expires","value":"0"},{"name":"X-Frame-Options","value":"DENY"},{"name":"Content-Type","value":"application/json"},{"name":"Date","value":"Tue, 26 May 2026 16:11:45 GMT"}],"body":"<Buffer>","fetchUid":"c8e59d1b73c9030fd43f952f26b670c0"}}}
{"type":"before","callId":"call@106","startTime":17713.989,"class":"APIRequestContext","method":"fetch","params":{"url":"/api/auth/register","method":"POST","headers":[{"name":"Authorization","value":"Bearer eyJhbGciOiJIUzUxMiJ9.eyJzdWIiOiI5Mzg1NGQxNS05OTExLTRhZWQtYmI3NC03M2M2ZjhlYmI1NTIiLCJ1c2VyX2lkIjoiOTM4NTRkMTUtOTkxMS00YWVkLWJiNzQtNzNjNmY4ZWJiNTUyIiwidXNlcm5hbWUiOiJhZG1pbiIsInJvbGUiOiJBRE1JTklTVFJBRE9SIiwiaWF0IjoxNzc5ODExODkwLCJleHAiOjE3Nzk4OTgyOTB9.INKvlE8397TouuaCA7SjbJ4oe-BzoI1A66vOqVlkDKGGxv7_Xwer4pUcswfztH9-8pR0XvBBIE0eNDCBJBkPzQ"}],"jsonData":"{\"username\":\"func_user_905841\",\"email\":\"func_user_905841@example.com\",\"password\":\"Passw0rd!\",\"fullName\":\"Func Test\",\"role\":\"FUNCIONARIO\"}","timeout":0},"stepId":"pw:api@139"}
{"type":"log","callId":"call@106","time":17714.823,"message":"→ POST http://localhost:8081/api/auth/register"}
{"type":"log","callId":"call@106","time":17714.84,"message":"  user-agent: Playwright/1.60.0 (x64; windows 10.0) node/24.11"}
{"type":"log","callId":"call@106","time":17714.845,"message":"  accept: */*"}
{"type":"log","callId":"call@106","time":17714.849,"message":"  accept-encoding: gzip,deflate,br"}
{"type":"log","callId":"call@106","time":17714.853,"message":"  Authorization: Bearer eyJhbGciOiJIUzUxMiJ9.eyJzdWIiOiI5Mzg1NGQxNS05OTExLTRhZWQtYmI3NC03M2M2ZjhlYmI1NTIiLCJ1c2VyX2lkIjoiOTM4NTRkMTUtOTkxMS00YWVkLWJiNzQtNzNjNmY4ZWJiNTUyIiwidXNlcm5hbWUiOiJhZG1pbiIsInJvbGUiOiJBRE1JTklTVFJBRE9SIiwiaWF0IjoxNzc5ODExODkwLCJleHAiOjE3Nzk4OTgyOTB9.INKvlE8397TouuaCA7SjbJ4oe-BzoI1A66vOqVlkDKGGxv7_Xwer4pUcswfztH9-8pR0XvBBIE0eNDCBJBkPzQ"}
{"type":"log","callId":"call@106","time":17714.857,"message":"  content-type: application/json"}
{"type":"log","callId":"call@106","time":17714.86,"message":"  content-length: 137"}
{"type":"log","callId":"call@106","time":17782.628,"message":"← 201 Created"}
{"type":"log","callId":"call@106","time":17782.677,"message":"  transfer-encoding: chunked"}
{"type":"log","callId":"call@106","time":17782.692,"message":"  vary: Origin, Access-Control-Request-Method, Access-Control-Request-Headers, Origin, Access-Control-Request-Method, Access-Control-Request-Headers"}
{"type":"log","callId":"call@106","time":17782.706,"message":"  x-content-type-options: nosniff"}
{"type":"log","callId":"call@106","time":17782.717,"message":"  x-xss-protection: 0"}
{"type":"log","callId":"call@106","time":17782.727,"message":"  cache-control: no-cache, no-store, max-age=0, must-revalidate"}
{"type":"log","callId":"call@106","time":17782.738,"message":"  pragma: no-cache"}
{"type":"log","callId":"call@106","time":17782.749,"message":"  expires: 0"}
{"type":"log","callId":"call@106","time":17782.758,"message":"  x-frame-options: DENY"}
{"type":"log","callId":"call@106","time":17782.769,"message":"  content-type: application/json"}
{"type":"log","callId":"call@106","time":17782.78,"message":"  date: Tue, 26 May 2026 16:11:45 GMT"}
{"type":"after","callId":"call@106","endTime":17784.507,"result":{"response":{"url":"http://localhost:8081/api/auth/register","status":201,"statusText":"Created","headers":[{"name":"transfer-encoding","value":"chunked"},{"name":"Vary","value":"Origin"},{"name":"Vary","value":"Access-Control-Request-Method"},{"name":"Vary","value":"Access-Control-Request-Headers"},{"name":"Vary","value":"Origin"},{"name":"Vary","value":"Access-Control-Request-Method"},{"name":"Vary","value":"Access-Control-Request-Headers"},{"name":"X-Content-Type-Options","value":"nosniff"},{"name":"X-XSS-Protection","value":"0"},{"name":"Cache-Control","value":"no-cache, no-store, max-age=0, must-revalidate"},{"name":"Pragma","value":"no-cache"},{"name":"Expires","value":"0"},{"name":"X-Frame-Options","value":"DENY"},{"name":"Content-Type","value":"application/json"},{"name":"Date","value":"Tue, 26 May 2026 16:11:45 GMT"}],"body":"<Buffer>","fetchUid":"05efd3433f15ba539d829134177503df"}}}
